#{"labels": [], "comment": "", "machine_params": {}, "save_time": 1628080460.57097, "req_file_name": "test.req"}
test:counter00,{"egu": null, "prec": null, "val": 13543.0}
test:counter01,{"egu": null, "prec": null, "val": 13543.0}
test:counter02,{"egu": null, "prec": null, "val": 13543.0}
test:counter03,{"egu": null, "prec": null, "val": 13543.0}
test:counter04,{"egu": null, "prec": null, "val": 13543.0}
test:counter05,{"egu": null, "prec": null, "val": 13543.0}
test:counter06,{"egu": null, "prec": null, "val": 13543.0}
test:counter07,{"egu": null, "prec": null, "val": 13543.0}
test:counter08,{"egu": null, "prec": null, "val": 13543.0}
test:counter09,{"egu": null, "prec": null, "val": 13543.0}
test:counter10,{"egu": null, "prec": null, "val": 13543.0}
test:counter11,{"egu": null, "prec": null, "val": 13543.0}
test:counter12,{"egu": null, "prec": null, "val": 13543.0}
test:counter13,{"egu": null, "prec": null, "val": 13543.0}
test:counter14,{"egu": null, "prec": null, "val": 13543.0}
test:counter15,{"egu": null, "prec": null, "val": 13543.0}
test:counter16,{"egu": null, "prec": null, "val": 13543.0}
test:counter17,{"egu": null, "prec": null, "val": 13543.0}
test:counter18,{"egu": null, "prec": null, "val": 13543.0}
test:counter19,{"egu": null, "prec": null, "val": 13543.0}
test:counter20,{"egu": null, "prec": null, "val": 13543.0}
test:counter21,{"egu": null, "prec": null, "val": 13543.0}
test:counter22,{"egu": null, "prec": null, "val": 13543.0}
test:counter23,{"egu": null, "prec": null, "val": 13543.0}
test:counter24,{"egu": null, "prec": null, "val": 13543.0}
test:counter25,{"egu": null, "prec": null, "val": 13543.0}
test:counter26,{"egu": null, "prec": null, "val": 13543.0}
test:counter27,{"egu": null, "prec": null, "val": 13543.0}
test:counter28,{"egu": null, "prec": null, "val": 13543.0}
test:counter29,{"egu": null, "prec": null, "val": 13543.0}
test:counter30,{"egu": null, "prec": null, "val": 13543.0}
test:counter31,{"egu": null, "prec": null, "val": 13543.0}
test:counter32,{"egu": null, "prec": null, "val": 13543.0}
test:counter33,{"egu": null, "prec": null, "val": 13543.0}
test:counter34,{"egu": null, "prec": null, "val": 13543.0}
test:counter35,{"egu": null, "prec": null, "val": 13543.0}
test:counter36,{"egu": null, "prec": null, "val": 13543.0}
test:counter37,{"egu": null, "prec": null, "val": 13543.0}
test:counter38,{"egu": null, "prec": null, "val": 13543.0}
test:counter39,{"egu": null, "prec": null, "val": 13543.0}
test:counter40,{"egu": null, "prec": null, "val": 13543.0}
test:counter41,{"egu": null, "prec": null, "val": 13543.0}
test:counter42,{"egu": null, "prec": null, "val": 13543.0}
test:counter43,{"egu": null, "prec": null, "val": 13543.0}
test:counter44,{"egu": null, "prec": null, "val": 13543.0}
test:counter45,{"egu": null, "prec": null, "val": 13543.0}
test:counter46,{"egu": null, "prec": null, "val": 13543.0}
test:counter47,{"egu": null, "prec": null, "val": 13543.0}
test:counter48,{"egu": null, "prec": null, "val": 13543.0}
test:counter49,{"egu": null, "prec": null, "val": 13543.0}
test:counter50,{"egu": null, "prec": null, "val": 13543.0}
test:counter51,{"egu": null, "prec": null, "val": 13543.0}
test:counter52,{"egu": null, "prec": null, "val": 13543.0}
test:counter53,{"egu": null, "prec": null, "val": 13543.0}
test:counter54,{"egu": null, "prec": null, "val": 13543.0}
test:counter55,{"egu": null, "prec": null, "val": 13543.0}
test:counter56,{"egu": null, "prec": null, "val": 13543.0}
test:counter57,{"egu": null, "prec": null, "val": 13543.0}
test:counter58,{"egu": null, "prec": null, "val": 13543.0}
test:counter59,{"egu": null, "prec": null, "val": 13543.0}
test:counter60,{"egu": null, "prec": null, "val": 13543.0}
test:counter61,{"egu": null, "prec": null, "val": 13543.0}
test:counter62,{"egu": null, "prec": null, "val": 13543.0}
test:counter63,{"egu": null, "prec": null, "val": 13543.0}
test:counter64,{"egu": null, "prec": null, "val": 13543.0}
test:counter65,{"egu": null, "prec": null, "val": 13543.0}
test:counter66,{"egu": null, "prec": null, "val": 13543.0}
test:counter67,{"egu": null, "prec": null, "val": 13543.0}
test:counter68,{"egu": null, "prec": null, "val": 13543.0}
test:counter69,{"egu": null, "prec": null, "val": 13543.0}
test:counter70,{"egu": null, "prec": null, "val": 13543.0}
test:counter71,{"egu": null, "prec": null, "val": 13543.0}
test:counter72,{"egu": null, "prec": null, "val": 13543.0}
test:counter73,{"egu": null, "prec": null, "val": 13543.0}
test:counter74,{"egu": null, "prec": null, "val": 13543.0}
test:counter75,{"egu": null, "prec": null, "val": 13543.0}
test:counter76,{"egu": null, "prec": null, "val": 13543.0}
test:counter77,{"egu": null, "prec": null, "val": 13543.0}
test:counter78,{"egu": null, "prec": null, "val": 13543.0}
test:counter79,{"egu": null, "prec": null, "val": 13543.0}
test:counter80,{"egu": null, "prec": null, "val": 13543.0}
test:counter81,{"egu": null, "prec": null, "val": 13543.0}
test:counter82,{"egu": null, "prec": null, "val": 13543.0}
test:counter83,{"egu": null, "prec": null, "val": 13543.0}
test:counter84,{"egu": null, "prec": null, "val": 13543.0}
test:counter85,{"egu": null, "prec": null, "val": 13543.0}
test:counter86,{"egu": null, "prec": null, "val": 13543.0}
test:counter87,{"egu": null, "prec": null, "val": 13543.0}
test:counter88,{"egu": null, "prec": null, "val": 13543.0}
test:counter89,{"egu": null, "prec": null, "val": 13543.0}
test:counter90,{"egu": null, "prec": null, "val": 13543.0}
test:counter91,{"egu": null, "prec": null, "val": 13543.0}
test:counter92,{"egu": null, "prec": null, "val": 13543.0}
test:counter93,{"egu": null, "prec": null, "val": 13543.0}
test:counter94,{"egu": null, "prec": null, "val": 13543.0}
test:counter95,{"egu": null, "prec": null, "val": 13543.0}
test:counter96,{"egu": null, "prec": null, "val": 13543.0}
test:counter97,{"egu": null, "prec": null, "val": 13543.0}
test:counter98,{"egu": null, "prec": null, "val": 13543.0}
test:counter99,{"egu": null, "prec": null, "val": 0.0}
test:db_ok,{"egu": null, "prec": null, "val": 13543.0}
